Performing C++ SOURCE FILE Test HAS_FILE_PREFIX_ARG failed with the following output:
Change Dir: /Users/qamartahir/mobile/ReposiNonConfirmity/node_modules/vision-camera-code-scanner/android/.cxx/Debug/1j63w2d5/x86_64/CMakeFiles/CMakeTmp

Run Build Command(s):/Users/qamartahir/Library/Android/sdk/cmake/3.22.1/bin/ninja cmTC_267c7 && [1/2] Building CXX object CMakeFiles/cmTC_267c7.dir/src.cxx.o
FAILED: CMakeFiles/cmTC_267c7.dir/src.cxx.o 
/Users/qamartahir/Library/Android/sdk/ndk/21.4.7075529/toolchains/llvm/prebuilt/darwin-x86_64/bin/clang++ --target=x86_64-none-linux-android26 --gcc-toolchain=/Users/qamartahir/Library/Android/sdk/ndk/21.4.7075529/toolchains/llvm/prebuilt/darwin-x86_64 --sysroot=/Users/qamartahir/Library/Android/sdk/ndk/21.4.7075529/toolchains/llvm/prebuilt/darwin-x86_64/sysroot -DHAS_FILE_PREFIX_ARG  -g -DANDROID -fdata-sections -ffunction-sections -funwind-tables -fstack-protector-strong -no-canonical-prefixes -D_FORTIFY_SOURCE=2 -Wformat -Werror=format-security    -fPIE   -fmacro-prefix-map=/Users/qamartahir/mobile/ReposiNonConfirmity/node_modules/vision-camera-code-scanner/android/src/main/cpp/zxing-cpp/core/= -MD -MT CMakeFiles/cmTC_267c7.dir/src.cxx.o -MF CMakeFiles/cmTC_267c7.dir/src.cxx.o.d -o CMakeFiles/cmTC_267c7.dir/src.cxx.o -c /Users/qamartahir/mobile/ReposiNonConfirmity/node_modules/vision-camera-code-scanner/android/.cxx/Debug/1j63w2d5/x86_64/CMakeFiles/CMakeTmp/src.cxx
clang++: error: unknown argument: '-fmacro-prefix-map=/Users/qamartahir/mobile/ReposiNonConfirmity/node_modules/vision-camera-code-scanner/android/src/main/cpp/zxing-cpp/core/='
ninja: build stopped: subcommand failed.


Source file was:
int main() { return 0; }
Performing C SOURCE FILE Test CMAKE_HAVE_LIBC_PTHREAD failed with the following output:
Change Dir: /Users/qamartahir/mobile/ReposiNonConfirmity/node_modules/vision-camera-code-scanner/android/.cxx/Debug/1j63w2d5/x86_64/CMakeFiles/CMakeTmp

Run Build Command(s):/Users/qamartahir/Library/Android/sdk/cmake/3.22.1/bin/ninja cmTC_8ba12 && [1/2] Building C object CMakeFiles/cmTC_8ba12.dir/src.c.o
/Users/qamartahir/mobile/ReposiNonConfirmity/node_modules/vision-camera-code-scanner/android/.cxx/Debug/1j63w2d5/x86_64/CMakeFiles/CMakeTmp/src.c:13:3: warning: implicit declaration of function 'pthread_cancel' is invalid in C99 [-Wimplicit-function-declaration]
  pthread_cancel(thread);
  ^
1 warning generated.
[2/2] Linking C executable cmTC_8ba12
FAILED: cmTC_8ba12 
: && /Users/qamartahir/Library/Android/sdk/ndk/21.4.7075529/toolchains/llvm/prebuilt/darwin-x86_64/bin/clang --target=x86_64-none-linux-android26 --gcc-toolchain=/Users/qamartahir/Library/Android/sdk/ndk/21.4.7075529/toolchains/llvm/prebuilt/darwin-x86_64 --sysroot=/Users/qamartahir/Library/Android/sdk/ndk/21.4.7075529/toolchains/llvm/prebuilt/darwin-x86_64/sysroot -g -DANDROID -fdata-sections -ffunction-sections -funwind-tables -fstack-protector-strong -no-canonical-prefixes -D_FORTIFY_SOURCE=2 -Wformat -Werror=format-security -Wl,--exclude-libs,libgcc.a -Wl,--exclude-libs,libgcc_real.a -Wl,--exclude-libs,libatomic.a -static-libstdc++ -Wl,--build-id -Wl,--fatal-warnings -Wl,--no-undefined -Qunused-arguments -Wl,--gc-sections CMakeFiles/cmTC_8ba12.dir/src.c.o -o cmTC_8ba12  -latomic -lm && :
src.c:13: error: undefined reference to 'pthread_cancel'
clang: error: linker command failed with exit code 1 (use -v to see invocation)
ninja: build stopped: subcommand failed.


Source file was:
#include <pthread.h>

static void* test_func(void* data)
{
  return data;
}

int main(void)
{
  pthread_t thread;
  pthread_create(&thread, NULL, test_func, NULL);
  pthread_detach(thread);
  pthread_cancel(thread);
  pthread_join(thread, NULL);
  pthread_atfork(NULL, NULL, NULL);
  pthread_exit(NULL);

  return 0;
}

